15.071 -163.957
15.357 -157.807
16.698 -164.924
17.079 -162.024
18.085 -162.655
18.863 -163.994
19.097 -160.178
19.353 -162.740
19.712 -161.068
20.376 -162.999
21.833 -161.960
22.189 -157.489
22.215 -158.356
22.589 -157.028
22.858 -158.387
22.998 -156.598
23.420 -162.370
23.858 -157.537
24.797 -157.050
24.904 -164.680

