22.000 -157.000
22.000 -158.000
22.189 -157.489
22.589 -157.028
23.000 -157.000
23.000 -158.000
