15.07 -163.96
15.36 -157.81
16.70 -164.92
17.08 -162.02
18.08 -162.65
18.86 -163.99
19.10 -160.18
19.35 -162.74
19.71 -161.07
20.38 -163.00
21.83 -161.96
22.19 -157.49
22.21 -158.36
22.59 -157.03
22.86 -158.39
23.00 -156.60
23.42 -162.37
23.86 -157.54
24.80 -157.05
24.90 -164.68

24.90 -164.68
16.70 -164.92
22.19 -157.49
19.35 -162.74
20.38 -163.00
18.86 -163.99
15.07 -163.96
19.71 -161.07
15.36 -157.81
19.10 -160.18
17.08 -162.02
18.08 -162.65
21.83 -161.96
23.00 -156.60
24.80 -157.05
22.86 -158.39
23.42 -162.37
23.86 -157.54
22.59 -157.03
22.21 -158.36